// Jest Snapshot v1, https://goo.gl/fbAQLP

exports[`DocAsync should do OAS dereferencing 1`] = `
"<div class=\\"is-lang-curl\\"><div class=\\"content-body hub-reference-sticky hub-reference-theme-undefined\\" id=\\"hub-reference\\"><div class=\\"hub-reference\\" id=\\"page-pets\\"><a class=\\"anchor-page-title\\" id=\\"pets\\"></a><div class=\\"hub-reference-section hub-reference-section-top\\"><div class=\\"hub-reference-left\\"><header><h2>oneOf request with a nested allOf</h2></header></div><div class=\\"hub-reference-right\\">&nbsp;</div></div><div class=\\"hub-api\\"><div class=\\"api-definition-parent\\"><div class=\\"api-definition\\"><div class=\\"api-definition-container\\"><div class=\\"api-definition-actions\\"><button class=\\"api-try-it-out active\\" type=\\"submit\\"><span class=\\"try-it-now-btn\\"><span class=\\"fa fa-compass\\"></span>&nbsp;<span>Try It</span></span></button></div><span class=\\"pg-type-big pg-type type-patch\\">patch</span><span class=\\"definition-url\\"><span class=\\"url\\">https://httpbin.org</span><span class=\\"api-text\\">/pets</span></span></div></div></div><div class=\\"hub-reference-section hub-reference-section-code\\"><div class=\\"hub-reference-left\\"><div class=\\"code-sample tabber-parent\\"><div><ul class=\\"code-sample-tabs\\"><li><a class=\\"hub-lang-switch-curl\\" href=\\"#\\">cURL</a></li><li><a class=\\"hub-lang-switch-node\\" href=\\"#\\">Node</a></li><li><a class=\\"hub-lang-switch-ruby\\" href=\\"#\\">Ruby</a></li><li><a class=\\"hub-lang-switch-javascript\\" href=\\"#\\">JavaScript</a></li><li><a class=\\"hub-lang-switch-python\\" href=\\"#\\">Python</a></li></ul><div class=\\"hub-code-auto\\"><button class=\\"copy-code-button\\" type=\\"button\\"><span class=\\"fa fa-clipboard\\"></span></button><pre class=\\"tomorrow-night hub-lang hub-lang-curl\\"><div class=\\"cm-s-tomorrow-night\\"><span class=\\"cm-builtin\\">curl</span> <span class=\\"cm-attribute\\">--request</span> PATCH \\\\
  <span class=\\"cm-attribute\\">--url</span> https://httpbin.org/pets \\\\
  <span class=\\"cm-attribute\\">--header</span> <span class=\\"cm-string\\">'Content-Type: application/json'</span></div></pre></div></div></div></div><div class=\\"hub-reference-right hub-reference-results tabber-parent\\"><div class=\\"hub-reference-results-slider\\"><div class=\\"hub-reference-results-explorer code-sample\\"></div><div class=\\"hub-reference-results-examples code-sample\\"><div class=\\"hub-no-code\\">Try the API to see Results</div></div></div></div></div><div class=\\"hub-reference-section\\"><div class=\\"hub-reference-left\\"><div class=\\"param-type \\" id=\\"form-patchpets\\"><div class=\\"param-type-header\\"><h3>Body Params</h3><div class=\\"param-header-border\\"></div></div><form class=\\"rjsf\\" id=\\"form-body-patchpets\\"><div class=\\"form-group field field-undefined param\\"><div class=\\"panel panel-default panel-body\\"><div class=\\"form-group\\"><select class=\\"form-control\\" id=\\"body-patchpets__oneof_select\\"><option value=\\"0\\">Option 1</option><option value=\\"1\\">Option 2</option></select></div><div class=\\"form-group field field-object param\\"><fieldset id=\\"body-patchpets\\"><div class=\\"form-group field field-string param\\"><span class=\\"label\\"><label class=\\"label-name\\" for=\\"body-patchpets_pet_type\\">pet_type<span class=\\"label-required\\">*</span></label><span class=\\"label-type\\">string</span><div class=\\"description\\"></div></span><div class=\\"children\\"><input class=\\"form-control\\" id=\\"body-patchpets_pet_type\\" label=\\"pet_type\\" placeholder=\\"\\" required=\\"\\" type=\\"text\\" value=\\"\\"></div><div class=\\"errors\\"></div><div class=\\"help\\"></div></div><div class=\\"form-group field field-boolean param\\"><span class=\\"label\\"><label class=\\"label-name\\" for=\\"body-patchpets_hunts\\">hunts</label><span class=\\"label-type\\">boolean</span><div class=\\"description\\"></div></span><div class=\\"children\\"><select class=\\"form-control\\" id=\\"body-patchpets_hunts\\"><option value=\\"\\"></option><option value=\\"true\\">true</option><option value=\\"false\\">false</option></select></div><div class=\\"errors\\"></div><div class=\\"help\\"></div></div><div class=\\"form-group field field-integer  field-int32 param\\"><span class=\\"label\\"><label class=\\"label-name\\" for=\\"body-patchpets_age\\">age</label><span class=\\"label-type\\">int32</span><div class=\\"description\\"></div></span><div class=\\"children\\"><input class=\\"form-control\\" type=\\"number\\" id=\\"body-patchpets_age\\" label=\\"age\\" placeholder=\\"\\" value=\\"\\"></div><div class=\\"errors\\"></div><div class=\\"help\\"></div></div></fieldset><div class=\\"errors\\"></div><div class=\\"help\\"></div></div></div><div class=\\"errors\\"></div><div class=\\"help\\"></div></div><button style=\\"display: none;\\" type=\\"submit\\"></button></form></div></div><div class=\\"hub-reference-right switcher\\"><div class=\\"hub-reference-response-definitions\\"><h3><div class=\\"pull-right\\"><select class=\\"switcher-switch\\"><option value=\\"200\\">200</option></select></div>Response</h3><div class=\\"response-schema\\"><div class=\\"desc\\"><p>Updated</p></div></div></div></div></div></div><div class=\\"hub-reference-section\\"><div class=\\"hub-reference-left\\"><div class=\\"content-body\\"><div></div></div></div><div class=\\"hub-reference-right\\"><div class=\\"content-body\\"><div></div></div></div></div><input id=\\"swagger-x-send-defaults\\" type=\\"hidden\\" value=\\"\\"></div><div class=\\"hub-reference\\" id=\\"page-pets\\"><a class=\\"anchor-page-title\\" id=\\"pets\\"></a><div class=\\"hub-reference-section hub-reference-section-top\\"><div class=\\"hub-reference-left\\"><header><h2>allOf with a readOnly prop</h2></header></div><div class=\\"hub-reference-right\\">&nbsp;</div></div><div class=\\"hub-api\\"><div class=\\"api-definition-parent\\"><div class=\\"api-definition\\"><div class=\\"api-definition-container\\"><div class=\\"api-definition-actions\\"><button class=\\"api-try-it-out active\\" type=\\"submit\\"><span class=\\"try-it-now-btn\\"><span class=\\"fa fa-compass\\"></span>&nbsp;<span>Try It</span></span></button></div><span class=\\"pg-type-big pg-type type-put\\">put</span><span class=\\"definition-url\\"><span class=\\"url\\">https://httpbin.org</span><span class=\\"api-text\\">/pets</span></span></div></div></div><div class=\\"hub-reference-section hub-reference-section-code\\"><div class=\\"hub-reference-left\\"><div class=\\"code-sample tabber-parent\\"><div><ul class=\\"code-sample-tabs\\"><li><a class=\\"hub-lang-switch-curl\\" href=\\"#\\">cURL</a></li><li><a class=\\"hub-lang-switch-node\\" href=\\"#\\">Node</a></li><li><a class=\\"hub-lang-switch-ruby\\" href=\\"#\\">Ruby</a></li><li><a class=\\"hub-lang-switch-javascript\\" href=\\"#\\">JavaScript</a></li><li><a class=\\"hub-lang-switch-python\\" href=\\"#\\">Python</a></li></ul><div class=\\"hub-code-auto\\"><button class=\\"copy-code-button\\" type=\\"button\\"><span class=\\"fa fa-clipboard\\"></span></button><pre class=\\"tomorrow-night hub-lang hub-lang-curl\\"><div class=\\"cm-s-tomorrow-night\\"><span class=\\"cm-builtin\\">curl</span> <span class=\\"cm-attribute\\">--request</span> PUT \\\\
  <span class=\\"cm-attribute\\">--url</span> https://httpbin.org/pets \\\\
  <span class=\\"cm-attribute\\">--header</span> <span class=\\"cm-string\\">'Content-Type: application/json'</span></div></pre></div></div></div></div><div class=\\"hub-reference-right hub-reference-results tabber-parent\\"><div class=\\"hub-reference-results-slider\\"><div class=\\"hub-reference-results-explorer code-sample\\"></div><div class=\\"hub-reference-results-examples code-sample\\"><div class=\\"hub-no-code\\">Try the API to see Results</div></div></div></div></div><div class=\\"hub-reference-section\\"><div class=\\"hub-reference-left\\"><div class=\\"param-type \\" id=\\"form-putpets\\"><div class=\\"param-type-header\\"><h3>Body Params</h3><div class=\\"param-header-border\\"></div></div><form class=\\"rjsf\\" id=\\"form-body-putpets\\"><div class=\\"form-group field field-object\\"><fieldset id=\\"body-putpets\\"><div class=\\"form-group field field-object param\\"><span class=\\"label\\"><label class=\\"label-name\\" for=\\"body-putpets__self\\">_self</label><span class=\\"label-type\\">object</span><div class=\\"description\\"></div></span><div class=\\"children\\"><fieldset id=\\"body-putpets__self\\"><legend id=\\"body-putpets__self__title\\">_self</legend><div class=\\"form-group field field-string param\\"><span class=\\"label\\"><label class=\\"label-name\\" for=\\"body-putpets__self_href\\">href<span class=\\"label-required\\">*</span></label><span class=\\"label-type\\">string</span><div class=\\"description\\"></div></span><div class=\\"children\\"><input class=\\"form-control\\" readonly=\\"\\" id=\\"body-putpets__self_href\\" label=\\"href\\" placeholder=\\"\\" required=\\"\\" type=\\"text\\" value=\\"\\"></div><div class=\\"errors\\"></div><div class=\\"help\\"></div></div><div class=\\"form-group field field-string param\\"><span class=\\"label\\"><label class=\\"label-name\\" for=\\"body-putpets__self_rel\\">rel<span class=\\"label-required\\">*</span></label><span class=\\"label-type\\">string</span><div class=\\"description\\"></div></span><div class=\\"children\\"><input class=\\"form-control\\" readonly=\\"\\" id=\\"body-putpets__self_rel\\" label=\\"rel\\" placeholder=\\"\\" required=\\"\\" type=\\"text\\" value=\\"\\"></div><div class=\\"errors\\"></div><div class=\\"help\\"></div></div><div class=\\"form-group field field-string param\\"><span class=\\"label\\"><label class=\\"label-name\\" for=\\"body-putpets__self_title\\">title</label><span class=\\"label-type\\">string</span><div class=\\"description\\"></div></span><div class=\\"children\\"><input id=\\"body-putpets__self_title\\" type=\\"hidden\\" value=\\"\\"></div><div class=\\"errors\\"></div><div class=\\"help\\"></div></div><div class=\\"form-group field field-object param\\"><span class=\\"label\\"><label class=\\"label-name\\" for=\\"body-putpets__self_source\\">source</label><span class=\\"label-type\\">object</span><div class=\\"description\\"></div></span><div class=\\"children\\"><fieldset id=\\"body-putpets__self_source\\"><legend id=\\"body-putpets__self_source__title\\">source</legend><div class=\\"form-group field field-string param\\"><span class=\\"label\\"><label class=\\"label-name\\" for=\\"body-putpets__self_source_href\\">href<span class=\\"label-required\\">*</span></label><span class=\\"label-type\\">string</span><div class=\\"description\\"></div></span><div class=\\"children\\"><input class=\\"form-control\\" readonly=\\"\\" id=\\"body-putpets__self_source_href\\" label=\\"href\\" placeholder=\\"\\" required=\\"\\" type=\\"text\\" value=\\"\\"></div><div class=\\"errors\\"></div><div class=\\"help\\"></div></div><div class=\\"form-group field field-string param\\"><span class=\\"label\\"><label class=\\"label-name\\" for=\\"body-putpets__self_source_rel\\">rel<span class=\\"label-required\\">*</span></label><span class=\\"label-type\\">string</span><div class=\\"description\\"></div></span><div class=\\"children\\"><input class=\\"form-control\\" readonly=\\"\\" id=\\"body-putpets__self_source_rel\\" label=\\"rel\\" placeholder=\\"\\" required=\\"\\" type=\\"text\\" value=\\"\\"></div><div class=\\"errors\\"></div><div class=\\"help\\"></div></div><div class=\\"form-group field field-string param\\"><span class=\\"label\\"><label class=\\"label-name\\" for=\\"body-putpets__self_source_title\\">title</label><span class=\\"label-type\\">string</span><div class=\\"description\\"></div></span><div class=\\"children\\"><input id=\\"body-putpets__self_source_title\\" type=\\"hidden\\" value=\\"\\"></div><div class=\\"errors\\"></div><div class=\\"help\\"></div></div></fieldset></div><div class=\\"errors\\"></div><div class=\\"help\\"></div></div></fieldset></div><div class=\\"errors\\"></div><div class=\\"help\\"></div></div><div class=\\"form-group field field-integer  field-int32 param\\"><span class=\\"label\\"><label class=\\"label-name\\" for=\\"body-putpets_id\\">id</label><span class=\\"label-type\\">int32</span><div class=\\"description\\"></div></span><div class=\\"children\\"><input class=\\"form-control\\" type=\\"number\\" id=\\"body-putpets_id\\" label=\\"id\\" placeholder=\\"\\" value=\\"\\"></div><div class=\\"errors\\"></div><div class=\\"help\\"></div></div></fieldset></div><button style=\\"display: none;\\" type=\\"submit\\"></button></form></div></div><div class=\\"hub-reference-right switcher\\"><div class=\\"hub-reference-response-definitions\\"><h3><div class=\\"pull-right\\"><select class=\\"switcher-switch\\"><option value=\\"200\\">200</option></select></div>Response</h3><div class=\\"response-schema\\"><div class=\\"desc\\"><p>successful operation</p></div></div></div></div></div></div><div class=\\"hub-reference-section\\"><div class=\\"hub-reference-left\\"><div class=\\"content-body\\"><div></div></div></div><div class=\\"hub-reference-right\\"><div class=\\"content-body\\"><div></div></div></div></div><input id=\\"swagger-x-send-defaults\\" type=\\"hidden\\" value=\\"\\"></div></div></div>"
`;
