// Jest Snapshot v1, https://goo.gl/fbAQLP

exports[`should render the bodies of pinned callouts 1`] = `"<div class=\\"hub-reference-section\\"><div class=\\"hub-reference-left\\"><div class=\\"markdown-body\\"><div class=\\"pin\\"><blockquote class=\\"callout callout_warn\\" theme=\\"ðŸš§\\"><h3 class=\\"callout-heading false\\"><span class=\\"callout-icon\\">ðŸš§</span><p>covfefe</p></h3><p>This body should be rendered twice!</p></blockquote></div></div></div><div class=\\"hub-reference-right\\"><div class=\\"markdown-body\\"><div class=\\"pin\\"><blockquote class=\\"callout callout_warn\\" theme=\\"ðŸš§\\"><h3 class=\\"callout-heading false\\"><span class=\\"callout-icon\\">ðŸš§</span><p>covfefe</p></h3><p>This body should be rendered twice!</p></blockquote></div></div></div></div>"`;
